21:01:08 **** Incremental Build of configuration Debug for project lab3_button ****
make -j8 all 
arm-none-eabi-size   lab3_button.elf 
   text	   data	    bss	    dec	    hex	filename
   9424	     24	   1768	  11216	   2bd0	lab3_button.elf
Finished building: default.size.stdout
 
21:04:19 **** Incremental Build of configuration Debug for project lab3_button ****
make -j8 all 
arm-none-eabi-gcc "../Core/Src/led7seg.c" -mcpu=cortex-m3 -std=gnu11 -g3 -DDEBUG -DUSE_HAL_DRIVER -DSTM32F103x6 -c -I../Core/Inc -I../Drivers/STM32F1xx_HAL_Driver/Inc -I../Drivers/STM32F1xx_HAL_Driver/Inc/Legacy -I../Drivers/CMSIS/Device/ST/STM32F1xx/Include -I../Drivers/CMSIS/Include -O0 -ffunction-sections -fdata-sections -Wall -fstack-usage -MMD -MP -MF"Core/Src/led7seg.d" -MT"Core/Src/led7seg.o" --specs=nano.specs -mfloat-abi=soft -mthumb -o "Core/Src/led7seg.o"
arm-none-eabi-gcc "../Core/Src/main.c" -mcpu=cortex-m3 -std=gnu11 -g3 -DDEBUG -DUSE_HAL_DRIVER -DSTM32F103x6 -c -I../Core/Inc -I../Drivers/STM32F1xx_HAL_Driver/Inc -I../Drivers/STM32F1xx_HAL_Driver/Inc/Legacy -I../Drivers/CMSIS/Device/ST/STM32F1xx/Include -I../Drivers/CMSIS/Include -O0 -ffunction-sections -fdata-sections -Wall -fstack-usage -MMD -MP -MF"Core/Src/main.d" -MT"Core/Src/main.o" --specs=nano.specs -mfloat-abi=soft -mthumb -o "Core/Src/main.o"
../Core/Src/main.c: In function 'main':
../Core/Src/main.c:241:4: warning: implicit declaration of function 'update7seg' [-Wimplicit-function-declaration]
  241 |    update7seg();
      |    ^~~~~~~~~~
arm-none-eabi-gcc -o "lab3_button.elf" @"objects.list"   -mcpu=cortex-m3 -T"E:\Microcontroller\lab3_microcontroller\lab3_button\STM32F103C6TX_FLASH.ld" --specs=nosys.specs -Wl,-Map="lab3_button.map" -Wl,--gc-sections -static --specs=nano.specs -mfloat-abi=soft -mthumb -Wl,--start-group -lc -lm -Wl,--end-group
Finished building target: lab3_button.elf
 
arm-none-eabi-size   lab3_button.elf 
arm-none-eabi-objdump -h -S  lab3_button.elf  > "lab3_button.list"
arm-none-eabi-objcopy  -O ihex  lab3_button.elf  "lab3_button.hex"
   text	   data	    bss	    dec	    hex	filename
   9900	     24	   1768	  11692	   2dac	lab3_button.elf
arm-none-eabi-objcopy  -O binary  lab3_button.elf  "lab3_button.bin"
Finished building: default.size.stdout
 
Finished building: lab3_button.hex
Finished building: lab3_button.bin
 
 
Finished building: lab3_button.list
 
21:04:50 **** Incremental Build of configuration Debug for project lab3_button ****
make -j8 all 
arm-none-eabi-gcc "../Core/Src/led7seg.c" -mcpu=cortex-m3 -std=gnu11 -g3 -DDEBUG -DUSE_HAL_DRIVER -DSTM32F103x6 -c -I../Core/Inc -I../Drivers/STM32F1xx_HAL_Driver/Inc -I../Drivers/STM32F1xx_HAL_Driver/Inc/Legacy -I../Drivers/CMSIS/Device/ST/STM32F1xx/Include -I../Drivers/CMSIS/Include -O0 -ffunction-sections -fdata-sections -Wall -fstack-usage -MMD -MP -MF"Core/Src/led7seg.d" -MT"Core/Src/led7seg.o" --specs=nano.specs -mfloat-abi=soft -mthumb -o "Core/Src/led7seg.o"
arm-none-eabi-gcc "../Core/Src/main.c" -mcpu=cortex-m3 -std=gnu11 -g3 -DDEBUG -DUSE_HAL_DRIVER -DSTM32F103x6 -c -I../Core/Inc -I../Drivers/STM32F1xx_HAL_Driver/Inc -I../Drivers/STM32F1xx_HAL_Driver/Inc/Legacy -I../Drivers/CMSIS/Device/ST/STM32F1xx/Include -I../Drivers/CMSIS/Include -O0 -ffunction-sections -fdata-sections -Wall -fstack-usage -MMD -MP -MF"Core/Src/main.d" -MT"Core/Src/main.o" --specs=nano.specs -mfloat-abi=soft -mthumb -o "Core/Src/main.o"
arm-none-eabi-gcc "../Core/Src/mode1.c" -mcpu=cortex-m3 -std=gnu11 -g3 -DDEBUG -DUSE_HAL_DRIVER -DSTM32F103x6 -c -I../Core/Inc -I../Drivers/STM32F1xx_HAL_Driver/Inc -I../Drivers/STM32F1xx_HAL_Driver/Inc/Legacy -I../Drivers/CMSIS/Device/ST/STM32F1xx/Include -I../Drivers/CMSIS/Include -O0 -ffunction-sections -fdata-sections -Wall -fstack-usage -MMD -MP -MF"Core/Src/mode1.d" -MT"Core/Src/mode1.o" --specs=nano.specs -mfloat-abi=soft -mthumb -o "Core/Src/mode1.o"
arm-none-eabi-gcc -o "lab3_button.elf" @"objects.list"   -mcpu=cortex-m3 -T"E:\Microcontroller\lab3_microcontroller\lab3_button\STM32F103C6TX_FLASH.ld" --specs=nosys.specs -Wl,-Map="lab3_button.map" -Wl,--gc-sections -static --specs=nano.specs -mfloat-abi=soft -mthumb -Wl,--start-group -lc -lm -Wl,--end-group
Finished building target: lab3_button.elf
 
arm-none-eabi-size   lab3_button.elf 
arm-none-eabi-objdump -h -S  lab3_button.elf  > "lab3_button.list"
arm-none-eabi-objcopy  -O ihex  lab3_button.elf  "lab3_button.hex"
   text	   data	    bss	    dec	    hex	filename
   9900	     24	   1768	  11692	   2dac	lab3_button.elf
arm-none-eabi-objcopy  -O binary  lab3_button.elf  "lab3_button.bin"
Finished building: default.size.stdout
 
Finished building: lab3_button.hex
Finished building: lab3_button.bin
 
 
Finished building: lab3_button.list
 
21:33:39 **** Incremental Build of configuration Debug for project lab3_button ****
make -j8 all 
arm-none-eabi-gcc "../Core/Src/main.c" -mcpu=cortex-m3 -std=gnu11 -g3 -DDEBUG -DUSE_HAL_DRIVER -DSTM32F103x6 -c -I../Core/Inc -I../Drivers/STM32F1xx_HAL_Driver/Inc -I../Drivers/STM32F1xx_HAL_Driver/Inc/Legacy -I../Drivers/CMSIS/Device/ST/STM32F1xx/Include -I../Drivers/CMSIS/Include -O0 -ffunction-sections -fdata-sections -Wall -fstack-usage -MMD -MP -MF"Core/Src/main.d" -MT"Core/Src/main.o" --specs=nano.specs -mfloat-abi=soft -mthumb -o "Core/Src/main.o"
arm-none-eabi-gcc "../Core/Src/mode1.c" -mcpu=cortex-m3 -std=gnu11 -g3 -DDEBUG -DUSE_HAL_DRIVER -DSTM32F103x6 -c -I../Core/Inc -I../Drivers/STM32F1xx_HAL_Driver/Inc -I../Drivers/STM32F1xx_HAL_Driver/Inc/Legacy -I../Drivers/CMSIS/Device/ST/STM32F1xx/Include -I../Drivers/CMSIS/Include -O0 -ffunction-sections -fdata-sections -Wall -fstack-usage -MMD -MP -MF"Core/Src/mode1.d" -MT"Core/Src/mode1.o" --specs=nano.specs -mfloat-abi=soft -mthumb -o "Core/Src/mode1.o"
arm-none-eabi-gcc "../Core/Src/traffic_light.c" -mcpu=cortex-m3 -std=gnu11 -g3 -DDEBUG -DUSE_HAL_DRIVER -DSTM32F103x6 -c -I../Core/Inc -I../Drivers/STM32F1xx_HAL_Driver/Inc -I../Drivers/STM32F1xx_HAL_Driver/Inc/Legacy -I../Drivers/CMSIS/Device/ST/STM32F1xx/Include -I../Drivers/CMSIS/Include -O0 -ffunction-sections -fdata-sections -Wall -fstack-usage -MMD -MP -MF"Core/Src/traffic_light.d" -MT"Core/Src/traffic_light.o" --specs=nano.specs -mfloat-abi=soft -mthumb -o "Core/Src/traffic_light.o"
../Core/Src/traffic_light.c: In function 'blinkRed':
../Core/Src/traffic_light.c:21:16: error: 'BLINK_LED' undeclared (first use in this function)
   21 |   set_timer(1, BLINK_LED);
      |                ^~~~~~~~~
../Core/Src/traffic_light.c:21:16: note: each undeclared identifier is reported only once for each function it appears in
../Core/Src/traffic_light.c: In function 'blinkYellow':
../Core/Src/traffic_light.c:35:16: error: 'BLINK_LED' undeclared (first use in this function)
   35 |   set_timer(1, BLINK_LED);
      |                ^~~~~~~~~
../Core/Src/traffic_light.c: In function 'blinkGreen':
../Core/Src/traffic_light.c:49:16: error: 'BLINK_LED' undeclared (first use in this function)
   49 |   set_timer(1, BLINK_LED);
      |                ^~~~~~~~~
../Core/Src/traffic_light.c: At top level:
../Core/Src/traffic_light.c:90:1: error: expected identifier or '(' before '{' token
   90 | {
      | ^
make: *** [Core/Src/subdir.mk:58: Core/Src/traffic_light.o] Error 1
make: *** Waiting for unfinished jobs....
"make -j8 all" terminated with exit code 2. Build might be incomplete.
21:34:02 **** Incremental Build of configuration Debug for project lab3_button ****
make -j8 all 
arm-none-eabi-gcc "../Core/Src/main.c" -mcpu=cortex-m3 -std=gnu11 -g3 -DDEBUG -DUSE_HAL_DRIVER -DSTM32F103x6 -c -I../Core/Inc -I../Drivers/STM32F1xx_HAL_Driver/Inc -I../Drivers/STM32F1xx_HAL_Driver/Inc/Legacy -I../Drivers/CMSIS/Device/ST/STM32F1xx/Include -I../Drivers/CMSIS/Include -O0 -ffunction-sections -fdata-sections -Wall -fstack-usage -MMD -MP -MF"Core/Src/main.d" -MT"Core/Src/main.o" --specs=nano.specs -mfloat-abi=soft -mthumb -o "Core/Src/main.o"
arm-none-eabi-gcc "../Core/Src/mode1.c" -mcpu=cortex-m3 -std=gnu11 -g3 -DDEBUG -DUSE_HAL_DRIVER -DSTM32F103x6 -c -I../Core/Inc -I../Drivers/STM32F1xx_HAL_Driver/Inc -I../Drivers/STM32F1xx_HAL_Driver/Inc/Legacy -I../Drivers/CMSIS/Device/ST/STM32F1xx/Include -I../Drivers/CMSIS/Include -O0 -ffunction-sections -fdata-sections -Wall -fstack-usage -MMD -MP -MF"Core/Src/mode1.d" -MT"Core/Src/mode1.o" --specs=nano.specs -mfloat-abi=soft -mthumb -o "Core/Src/mode1.o"
arm-none-eabi-gcc "../Core/Src/traffic_light.c" -mcpu=cortex-m3 -std=gnu11 -g3 -DDEBUG -DUSE_HAL_DRIVER -DSTM32F103x6 -c -I../Core/Inc -I../Drivers/STM32F1xx_HAL_Driver/Inc -I../Drivers/STM32F1xx_HAL_Driver/Inc/Legacy -I../Drivers/CMSIS/Device/ST/STM32F1xx/Include -I../Drivers/CMSIS/Include -O0 -ffunction-sections -fdata-sections -Wall -fstack-usage -MMD -MP -MF"Core/Src/traffic_light.d" -MT"Core/Src/traffic_light.o" --specs=nano.specs -mfloat-abi=soft -mthumb -o "Core/Src/traffic_light.o"
../Core/Src/traffic_light.c:90:1: error: expected identifier or '(' before '{' token
   90 | {
      | ^
make: *** [Core/Src/subdir.mk:58: Core/Src/traffic_light.o] Error 1
make: *** Waiting for unfinished jobs....
"make -j8 all" terminated with exit code 2. Build might be incomplete.
21:34:12 **** Incremental Build of configuration Debug for project lab3_button ****
make -j8 all 
arm-none-eabi-gcc "../Core/Src/traffic_light.c" -mcpu=cortex-m3 -std=gnu11 -g3 -DDEBUG -DUSE_HAL_DRIVER -DSTM32F103x6 -c -I../Core/Inc -I../Drivers/STM32F1xx_HAL_Driver/Inc -I../Drivers/STM32F1xx_HAL_Driver/Inc/Legacy -I../Drivers/CMSIS/Device/ST/STM32F1xx/Include -I../Drivers/CMSIS/Include -O0 -ffunction-sections -fdata-sections -Wall -fstack-usage -MMD -MP -MF"Core/Src/traffic_light.d" -MT"Core/Src/traffic_light.o" --specs=nano.specs -mfloat-abi=soft -mthumb -o "Core/Src/traffic_light.o"
arm-none-eabi-gcc -o "lab3_button.elf" @"objects.list"   -mcpu=cortex-m3 -T"E:\Microcontroller\lab3_microcontroller\lab3_button\STM32F103C6TX_FLASH.ld" --specs=nosys.specs -Wl,-Map="lab3_button.map" -Wl,--gc-sections -static --specs=nano.specs -mfloat-abi=soft -mthumb -Wl,--start-group -lc -lm -Wl,--end-group
Finished building target: lab3_button.elf
 
arm-none-eabi-size   lab3_button.elf 
arm-none-eabi-objdump -h -S  lab3_button.elf  > "lab3_button.list"
arm-none-eabi-objcopy  -O ihex  lab3_button.elf  "lab3_button.hex"
arm-none-eabi-objcopy  -O binary  lab3_button.elf  "lab3_button.bin"
   text	   data	    bss	    dec	    hex	filename
   9984	     24	   1768	  11776	   2e00	lab3_button.elf
Finished building: default.size.stdout
 
Finished building: lab3_button.hex
Finished building: lab3_button.bin
 
 
Finished building: lab3_button.list
 
21:45:58 **** Incremental Build of configuration Debug for project lab3_button ****
make -j8 all 
arm-none-eabi-gcc "../Core/Src/main.c" -mcpu=cortex-m3 -std=gnu11 -g3 -DDEBUG -DUSE_HAL_DRIVER -DSTM32F103x6 -c -I../Core/Inc -I../Drivers/STM32F1xx_HAL_Driver/Inc -I../Drivers/STM32F1xx_HAL_Driver/Inc/Legacy -I../Drivers/CMSIS/Device/ST/STM32F1xx/Include -I../Drivers/CMSIS/Include -O0 -ffunction-sections -fdata-sections -Wall -fstack-usage -MMD -MP -MF"Core/Src/main.d" -MT"Core/Src/main.o" --specs=nano.specs -mfloat-abi=soft -mthumb -o "Core/Src/main.o"
arm-none-eabi-gcc "../Core/Src/mode2.c" -mcpu=cortex-m3 -std=gnu11 -g3 -DDEBUG -DUSE_HAL_DRIVER -DSTM32F103x6 -c -I../Core/Inc -I../Drivers/STM32F1xx_HAL_Driver/Inc -I../Drivers/STM32F1xx_HAL_Driver/Inc/Legacy -I../Drivers/CMSIS/Device/ST/STM32F1xx/Include -I../Drivers/CMSIS/Include -O0 -ffunction-sections -fdata-sections -Wall -fstack-usage -MMD -MP -MF"Core/Src/mode2.d" -MT"Core/Src/mode2.o" --specs=nano.specs -mfloat-abi=soft -mthumb -o "Core/Src/mode2.o"
../Core/Src/mode2.c:11:15: error: initializer element is not constant
   11 | uint8_t red = getRed();
      |               ^~~~~~
../Core/Src/mode2.c: In function 'mode2':
../Core/Src/mode2.c:24:3: warning: implicit declaration of function 'displayHorizon' [-Wimplicit-function-declaration]
   24 |   displayHorizon(red);
      |   ^~~~~~~~~~~~~~
../Core/Src/mode2.c:25:7: warning: implicit declaration of function 'isPressed' [-Wimplicit-function-declaration]
   25 |   if (isPressed(1))
      |       ^~~~~~~~~
make: *** [Core/Src/subdir.mk:58: Core/Src/mode2.o] Error 1
make: *** Waiting for unfinished jobs....
"make -j8 all" terminated with exit code 2. Build might be incomplete.
21:46:57 **** Incremental Build of configuration Debug for project lab3_button ****
make -j8 all 
arm-none-eabi-gcc "../Core/Src/main.c" -mcpu=cortex-m3 -std=gnu11 -g3 -DDEBUG -DUSE_HAL_DRIVER -DSTM32F103x6 -c -I../Core/Inc -I../Drivers/STM32F1xx_HAL_Driver/Inc -I../Drivers/STM32F1xx_HAL_Driver/Inc/Legacy -I../Drivers/CMSIS/Device/ST/STM32F1xx/Include -I../Drivers/CMSIS/Include -O0 -ffunction-sections -fdata-sections -Wall -fstack-usage -MMD -MP -MF"Core/Src/main.d" -MT"Core/Src/main.o" --specs=nano.specs -mfloat-abi=soft -mthumb -o "Core/Src/main.o"
arm-none-eabi-gcc "../Core/Src/mode2.c" -mcpu=cortex-m3 -std=gnu11 -g3 -DDEBUG -DUSE_HAL_DRIVER -DSTM32F103x6 -c -I../Core/Inc -I../Drivers/STM32F1xx_HAL_Driver/Inc -I../Drivers/STM32F1xx_HAL_Driver/Inc/Legacy -I../Drivers/CMSIS/Device/ST/STM32F1xx/Include -I../Drivers/CMSIS/Include -O0 -ffunction-sections -fdata-sections -Wall -fstack-usage -MMD -MP -MF"Core/Src/mode2.d" -MT"Core/Src/mode2.o" --specs=nano.specs -mfloat-abi=soft -mthumb -o "Core/Src/mode2.o"
../Core/Src/mode2.c:11:15: error: initializer element is not constant
   11 | uint8_t red = getRed();
      |               ^~~~~~
../Core/Src/mode2.c: In function 'mode2':
../Core/Src/mode2.c:25:7: warning: implicit declaration of function 'isPressed' [-Wimplicit-function-declaration]
   25 |   if (isPressed(1))
      |       ^~~~~~~~~
make: *** [Core/Src/subdir.mk:58: Core/Src/mode2.o] Error 1
make: *** Waiting for unfinished jobs....
"make -j8 all" terminated with exit code 2. Build might be incomplete.
21:47:52 **** Incremental Build of configuration Debug for project lab3_button ****
make -j8 all 
arm-none-eabi-gcc "../Core/Src/main.c" -mcpu=cortex-m3 -std=gnu11 -g3 -DDEBUG -DUSE_HAL_DRIVER -DSTM32F103x6 -c -I../Core/Inc -I../Drivers/STM32F1xx_HAL_Driver/Inc -I../Drivers/STM32F1xx_HAL_Driver/Inc/Legacy -I../Drivers/CMSIS/Device/ST/STM32F1xx/Include -I../Drivers/CMSIS/Include -O0 -ffunction-sections -fdata-sections -Wall -fstack-usage -MMD -MP -MF"Core/Src/main.d" -MT"Core/Src/main.o" --specs=nano.specs -mfloat-abi=soft -mthumb -o "Core/Src/main.o"
arm-none-eabi-gcc "../Core/Src/mode2.c" -mcpu=cortex-m3 -std=gnu11 -g3 -DDEBUG -DUSE_HAL_DRIVER -DSTM32F103x6 -c -I../Core/Inc -I../Drivers/STM32F1xx_HAL_Driver/Inc -I../Drivers/STM32F1xx_HAL_Driver/Inc/Legacy -I../Drivers/CMSIS/Device/ST/STM32F1xx/Include -I../Drivers/CMSIS/Include -O0 -ffunction-sections -fdata-sections -Wall -fstack-usage -MMD -MP -MF"Core/Src/mode2.d" -MT"Core/Src/mode2.o" --specs=nano.specs -mfloat-abi=soft -mthumb -o "Core/Src/mode2.o"
../Core/Src/mode2.c:11:15: error: initializer element is not constant
   11 | uint8_t red = getRed();
      |               ^~~~~~
make: *** [Core/Src/subdir.mk:58: Core/Src/mode2.o] Error 1
make: *** Waiting for unfinished jobs....
"make -j8 all" terminated with exit code 2. Build might be incomplete.
21:49:48 **** Incremental Build of configuration Debug for project lab3_button ****
make -j8 all 
arm-none-eabi-gcc "../Core/Src/mode2.c" -mcpu=cortex-m3 -std=gnu11 -g3 -DDEBUG -DUSE_HAL_DRIVER -DSTM32F103x6 -c -I../Core/Inc -I../Drivers/STM32F1xx_HAL_Driver/Inc -I../Drivers/STM32F1xx_HAL_Driver/Inc/Legacy -I../Drivers/CMSIS/Device/ST/STM32F1xx/Include -I../Drivers/CMSIS/Include -O0 -ffunction-sections -fdata-sections -Wall -fstack-usage -MMD -MP -MF"Core/Src/mode2.d" -MT"Core/Src/mode2.o" --specs=nano.specs -mfloat-abi=soft -mthumb -o "Core/Src/mode2.o"
arm-none-eabi-gcc -o "lab3_button.elf" @"objects.list"   -mcpu=cortex-m3 -T"E:\Microcontroller\lab3_microcontroller\lab3_button\STM32F103C6TX_FLASH.ld" --specs=nosys.specs -Wl,-Map="lab3_button.map" -Wl,--gc-sections -static --specs=nano.specs -mfloat-abi=soft -mthumb -Wl,--start-group -lc -lm -Wl,--end-group
Finished building target: lab3_button.elf
 
arm-none-eabi-size   lab3_button.elf 
arm-none-eabi-objdump -h -S  lab3_button.elf  > "lab3_button.list"
arm-none-eabi-objcopy  -O ihex  lab3_button.elf  "lab3_button.hex"
arm-none-eabi-objcopy  -O binary  lab3_button.elf  "lab3_button.bin"
   text	   data	    bss	    dec	    hex	filename
  10284	     24	   1768	  12076	   2f2c	lab3_button.elf
Finished building: default.size.stdout
 
Finished building: lab3_button.hex
Finished building: lab3_button.bin
 
 
Finished building: lab3_button.list
 
21:50:02 **** Incremental Build of configuration Debug for project lab3_button ****
make -j8 all 
arm-none-eabi-gcc "../Core/Src/mode2.c" -mcpu=cortex-m3 -std=gnu11 -g3 -DDEBUG -DUSE_HAL_DRIVER -DSTM32F103x6 -c -I../Core/Inc -I../Drivers/STM32F1xx_HAL_Driver/Inc -I../Drivers/STM32F1xx_HAL_Driver/Inc/Legacy -I../Drivers/CMSIS/Device/ST/STM32F1xx/Include -I../Drivers/CMSIS/Include -O0 -ffunction-sections -fdata-sections -Wall -fstack-usage -MMD -MP -MF"Core/Src/mode2.d" -MT"Core/Src/mode2.o" --specs=nano.specs -mfloat-abi=soft -mthumb -o "Core/Src/mode2.o"
arm-none-eabi-gcc -o "lab3_button.elf" @"objects.list"   -mcpu=cortex-m3 -T"E:\Microcontroller\lab3_microcontroller\lab3_button\STM32F103C6TX_FLASH.ld" --specs=nosys.specs -Wl,-Map="lab3_button.map" -Wl,--gc-sections -static --specs=nano.specs -mfloat-abi=soft -mthumb -Wl,--start-group -lc -lm -Wl,--end-group
Finished building target: lab3_button.elf
 
arm-none-eabi-size   lab3_button.elf 
arm-none-eabi-objdump -h -S  lab3_button.elf  > "lab3_button.list"
arm-none-eabi-objcopy  -O ihex  lab3_button.elf  "lab3_button.hex"
   text	   data	    bss	    dec	    hex	filename
  10296	     24	   1768	  12088	   2f38	lab3_button.elf
arm-none-eabi-objcopy  -O binary  lab3_button.elf  "lab3_button.bin"
Finished building: default.size.stdout
 
Finished building: lab3_button.hex
Finished building: lab3_button.bin
 
 
Finished building: lab3_button.list
 
21:54:30 **** Incremental Build of configuration Debug for project lab3_button ****
make -j8 all 
arm-none-eabi-gcc "../Core/Src/mode1.c" -mcpu=cortex-m3 -std=gnu11 -g3 -DDEBUG -DUSE_HAL_DRIVER -DSTM32F103x6 -c -I../Core/Inc -I../Drivers/STM32F1xx_HAL_Driver/Inc -I../Drivers/STM32F1xx_HAL_Driver/Inc/Legacy -I../Drivers/CMSIS/Device/ST/STM32F1xx/Include -I../Drivers/CMSIS/Include -O0 -ffunction-sections -fdata-sections -Wall -fstack-usage -MMD -MP -MF"Core/Src/mode1.d" -MT"Core/Src/mode1.o" --specs=nano.specs -mfloat-abi=soft -mthumb -o "Core/Src/mode1.o"
arm-none-eabi-gcc -o "lab3_button.elf" @"objects.list"   -mcpu=cortex-m3 -T"E:\Microcontroller\lab3_microcontroller\lab3_button\STM32F103C6TX_FLASH.ld" --specs=nosys.specs -Wl,-Map="lab3_button.map" -Wl,--gc-sections -static --specs=nano.specs -mfloat-abi=soft -mthumb -Wl,--start-group -lc -lm -Wl,--end-group
Finished building target: lab3_button.elf
 
arm-none-eabi-size   lab3_button.elf 
arm-none-eabi-objdump -h -S  lab3_button.elf  > "lab3_button.list"
arm-none-eabi-objcopy  -O ihex  lab3_button.elf  "lab3_button.hex"
   text	   data	    bss	    dec	    hex	filename
  10300	     24	   1768	  12092	   2f3c	lab3_button.elf
arm-none-eabi-objcopy  -O binary  lab3_button.elf  "lab3_button.bin"
Finished building: default.size.stdout
 
Finished building: lab3_button.hex
Finished building: lab3_button.bin
 
 
Finished building: lab3_button.list
 
21:59:05 **** Incremental Build of configuration Debug for project lab3_button ****
make -j8 all 
arm-none-eabi-gcc "../Core/Src/main.c" -mcpu=cortex-m3 -std=gnu11 -g3 -DDEBUG -DUSE_HAL_DRIVER -DSTM32F103x6 -c -I../Core/Inc -I../Drivers/STM32F1xx_HAL_Driver/Inc -I../Drivers/STM32F1xx_HAL_Driver/Inc/Legacy -I../Drivers/CMSIS/Device/ST/STM32F1xx/Include -I../Drivers/CMSIS/Include -O0 -ffunction-sections -fdata-sections -Wall -fstack-usage -MMD -MP -MF"Core/Src/main.d" -MT"Core/Src/main.o" --specs=nano.specs -mfloat-abi=soft -mthumb -o "Core/Src/main.o"
arm-none-eabi-gcc "../Core/Src/mode3.c" -mcpu=cortex-m3 -std=gnu11 -g3 -DDEBUG -DUSE_HAL_DRIVER -DSTM32F103x6 -c -I../Core/Inc -I../Drivers/STM32F1xx_HAL_Driver/Inc -I../Drivers/STM32F1xx_HAL_Driver/Inc/Legacy -I../Drivers/CMSIS/Device/ST/STM32F1xx/Include -I../Drivers/CMSIS/Include -O0 -ffunction-sections -fdata-sections -Wall -fstack-usage -MMD -MP -MF"Core/Src/mode3.d" -MT"Core/Src/mode3.o" --specs=nano.specs -mfloat-abi=soft -mthumb -o "Core/Src/mode3.o"
arm-none-eabi-gcc -o "lab3_button.elf" @"objects.list"   -mcpu=cortex-m3 -T"E:\Microcontroller\lab3_microcontroller\lab3_button\STM32F103C6TX_FLASH.ld" --specs=nosys.specs -Wl,-Map="lab3_button.map" -Wl,--gc-sections -static --specs=nano.specs -mfloat-abi=soft -mthumb -Wl,--start-group -lc -lm -Wl,--end-group
Finished building target: lab3_button.elf
 
arm-none-eabi-size   lab3_button.elf 
arm-none-eabi-objdump -h -S  lab3_button.elf  > "lab3_button.list"
arm-none-eabi-objcopy  -O ihex  lab3_button.elf  "lab3_button.hex"
   text	   data	    bss	    dec	    hex	filename
  10392	     24	   1768	  12184	   2f98	lab3_button.elf
arm-none-eabi-objcopy  -O binary  lab3_button.elf  "lab3_button.bin"
Finished building: default.size.stdout
 
Finished building: lab3_button.hex
Finished building: lab3_button.bin
 
 
Finished building: lab3_button.list
 
22:01:21 **** Incremental Build of configuration Debug for project lab3_button ****
make -j8 all 
arm-none-eabi-gcc "../Core/Src/mode4.c" -mcpu=cortex-m3 -std=gnu11 -g3 -DDEBUG -DUSE_HAL_DRIVER -DSTM32F103x6 -c -I../Core/Inc -I../Drivers/STM32F1xx_HAL_Driver/Inc -I../Drivers/STM32F1xx_HAL_Driver/Inc/Legacy -I../Drivers/CMSIS/Device/ST/STM32F1xx/Include -I../Drivers/CMSIS/Include -O0 -ffunction-sections -fdata-sections -Wall -fstack-usage -MMD -MP -MF"Core/Src/mode4.d" -MT"Core/Src/mode4.o" --specs=nano.specs -mfloat-abi=soft -mthumb -o "Core/Src/mode4.o"
../Core/Src/mode4.c: In function 'mode4':
../Core/Src/mode4.c:21:11: warning: implicit declaration of function 'getGreen' [-Wimplicit-function-declaration]
   21 |   green = getGreen();
      |           ^~~~~~~~
../Core/Src/mode4.c:25:3: warning: implicit declaration of function 'displayHorizon' [-Wimplicit-function-declaration]
   25 |   displayHorizon(green);
      |   ^~~~~~~~~~~~~~
../Core/Src/mode4.c:26:7: warning: implicit declaration of function 'isPressed' [-Wimplicit-function-declaration]
   26 |   if (isPressed(1))
      |       ^~~~~~~~~
../Core/Src/mode4.c:35:3: warning: implicit declaration of function 'setGreen' [-Wimplicit-function-declaration]
   35 |   setGreen(green);
      |   ^~~~~~~~
arm-none-eabi-gcc -o "lab3_button.elf" @"objects.list"   -mcpu=cortex-m3 -T"E:\Microcontroller\lab3_microcontroller\lab3_button\STM32F103C6TX_FLASH.ld" --specs=nosys.specs -Wl,-Map="lab3_button.map" -Wl,--gc-sections -static --specs=nano.specs -mfloat-abi=soft -mthumb -Wl,--start-group -lc -lm -Wl,--end-group
Finished building target: lab3_button.elf
 
arm-none-eabi-size   lab3_button.elf 
arm-none-eabi-objdump -h -S  lab3_button.elf  > "lab3_button.list"
arm-none-eabi-objcopy  -O ihex  lab3_button.elf  "lab3_button.hex"
   text	   data	    bss	    dec	    hex	filename
  10484	     24	   1768	  12276	   2ff4	lab3_button.elf
arm-none-eabi-objcopy  -O binary  lab3_button.elf  "lab3_button.bin"
Finished building: default.size.stdout
 
Finished building: lab3_button.hex
Finished building: lab3_button.bin
 
 
Finished building: lab3_button.list
 
22:01:48 **** Incremental Build of configuration Debug for project lab3_button ****
make -j8 all 
arm-none-eabi-gcc "../Core/Src/main.c" -mcpu=cortex-m3 -std=gnu11 -g3 -DDEBUG -DUSE_HAL_DRIVER -DSTM32F103x6 -c -I../Core/Inc -I../Drivers/STM32F1xx_HAL_Driver/Inc -I../Drivers/STM32F1xx_HAL_Driver/Inc/Legacy -I../Drivers/CMSIS/Device/ST/STM32F1xx/Include -I../Drivers/CMSIS/Include -O0 -ffunction-sections -fdata-sections -Wall -fstack-usage -MMD -MP -MF"Core/Src/main.d" -MT"Core/Src/main.o" --specs=nano.specs -mfloat-abi=soft -mthumb -o "Core/Src/main.o"
arm-none-eabi-gcc "../Core/Src/mode4.c" -mcpu=cortex-m3 -std=gnu11 -g3 -DDEBUG -DUSE_HAL_DRIVER -DSTM32F103x6 -c -I../Core/Inc -I../Drivers/STM32F1xx_HAL_Driver/Inc -I../Drivers/STM32F1xx_HAL_Driver/Inc/Legacy -I../Drivers/CMSIS/Device/ST/STM32F1xx/Include -I../Drivers/CMSIS/Include -O0 -ffunction-sections -fdata-sections -Wall -fstack-usage -MMD -MP -MF"Core/Src/mode4.d" -MT"Core/Src/mode4.o" --specs=nano.specs -mfloat-abi=soft -mthumb -o "Core/Src/mode4.o"
arm-none-eabi-gcc -o "lab3_button.elf" @"objects.list"   -mcpu=cortex-m3 -T"E:\Microcontroller\lab3_microcontroller\lab3_button\STM32F103C6TX_FLASH.ld" --specs=nosys.specs -Wl,-Map="lab3_button.map" -Wl,--gc-sections -static --specs=nano.specs -mfloat-abi=soft -mthumb -Wl,--start-group -lc -lm -Wl,--end-group
Finished building target: lab3_button.elf
 
arm-none-eabi-size   lab3_button.elf 
arm-none-eabi-objdump -h -S  lab3_button.elf  > "lab3_button.list"
arm-none-eabi-objcopy  -O ihex  lab3_button.elf  "lab3_button.hex"
   text	   data	    bss	    dec	    hex	filename
  10484	     24	   1768	  12276	   2ff4	lab3_button.elf
arm-none-eabi-objcopy  -O binary  lab3_button.elf  "lab3_button.bin"
Finished building: default.size.stdout
 
Finished building: lab3_button.hex
Finished building: lab3_button.bin
 
 
Finished building: lab3_button.list
 
